// Jest Snapshot v1, https://goo.gl/fbAQLP

exports[`<Users /> renders 1`] = `ShallowWrapper {}`;
