// Jest Snapshot v1, https://goo.gl/fbAQLP

exports[`<Contracts /> renders 1`] = `ShallowWrapper {}`;
